// Jest Snapshot v1, https://goo.gl/fbAQLP

exports[`LandingPage component Matches snapshot 1`] = `
<div
  className="landing-page-container-1"
>
  <div
    className="background-image"
  >
    <img
      alt="plane soaring through sky"
      className="landing-page-background"
      src="ways-landscape-2.jpg"
    />
  </div>
  <div
    className="landing-page-container"
  >
    <div
      className="background"
    >
      <div
        className="ways-header"
      >
        <p>
          Ways!
        </p>
      </div>
      <div
        className="airplane-bg"
      >
        <img
          alt="airplane taking off"
          className="airplane-bg zoom"
          src="airplane.png"
        />
      </div>
    </div>
    <section
      className="landing-page"
    >
      <div
        className="wrapper"
      >
        <div
          className="one longFade"
        >
          <i
            className="fas fa-plane-departure xl fa-2x"
          />
          <hr />
          <p>
            Our goal is getting your vacay off the ground!
          </p>
        </div>
        <div
          className="two what-to-do longFade"
        >
          <i
            className="fas fa-hotel fa-2x"
          />
          <hr />
          <p>
            Find places to visit, or add places you know to help others!
          </p>
        </div>
        <div
          className="three call-to-action longFade"
        >
          <i
            className="fas fa-car fa-2x"
          />
          <hr />
          <p>
            Plan out every stop, or take a trip another user added!
          </p>
        </div>
      </div>
      <div
        className="linkToDashButton"
      >
        <Link
          replace={false}
          to="/dashboard"
        >
          <div
            className="myButton lets-go-btn"
          >
            Let's Go!
          </div>
        </Link>
      </div>
    </section>
  </div>
</div>
`;
